// Jest Snapshot v1, https://goo.gl/fbAQLP

exports[`shows hero banner 1`] = `<DocumentFragment />`;
