// Jest Snapshot v1, https://goo.gl/fbAQLP

exports[`shows simple banner 1`] = `<DocumentFragment />`;
