// Jest Snapshot v1, https://goo.gl/fbAQLP

exports[`shows card with description component 1`] = `
<DocumentFragment>
  <div
    class="MuiBox-root css-wlh1v7"
  >
    <div
      class="MuiPaper-root MuiPaper-elevation MuiPaper-rounded MuiPaper-elevation1 MuiCard-root css-m2jzmr-MuiPaper-root-MuiCard-root"
    >
      <div
        class="MuiBox-root css-xmkxhf"
      >
        <hr
          class="MuiDivider-root MuiDivider-fullWidth css-1ngjjm0-MuiDivider-root"
        />
        <div
          class="MuiBox-root css-0"
        >
          <p
            class="MuiTypography-root MuiTypography-body1 css-jyynly-MuiTypography-root"
          />
          <p
            class="MuiTypography-root MuiTypography-body1 css-1mraeni-MuiTypography-root"
          />
        </div>
      </div>
    </div>
  </div>
</DocumentFragment>
`;
