// Jest Snapshot v1, https://goo.gl/fbAQLP

exports[`shows card with title component 1`] = `<DocumentFragment />`;
